000.000 =============================================================
000.000                     Station A                               
000.000 -------------------------------------------------------------
000.000 Protocol.lib, version 4.0, jiangyanjun0718@bupt.edu.cn
000.000 Channel: 8000 bps, 270 ms propagation delay, bit error rate 1.0E-004
000.000 Log file "C:\Users\30487\Desktop\project\计算机网络实验一：数据链路层协议\-\Lab1-linux\datalink-A.log", TCP port 59144, debug mask 0x03
000.000 Station A is waiting for station B on TCP port 59144 ... Done.
000.294 New epoch: Tue May 12 16:26:32 2026
000.294 =================================================================
000.294 
000.294 Go-Back-N protocol, build: May 12 2026  16:17:33
000.294 Send DATA 0 7, ID 10000
000.560 Send DATA 1 7, ID 10001
000.806 Send DATA 2 7, ID 10002
000.831 Recv DATA 0 7, ID 20000
000.831 Send ACK  0
001.090 Send DATA 3 0, ID 10003
001.115 Recv DATA 1 7, ID 20001
001.115 Send ACK  1
001.345 Send DATA 4 1, ID 10004
001.378 **** Receiver Error, Bad CRC Checksum
001.414 Recv ACK  0
001.612 Send DATA 5 1, ID 10005
001.665 **** Receiver Error, Bad CRC Checksum
001.696 Recv ACK  1
001.885 Send DATA 6 1, ID 10006
001.939 Recv DATA 4 1, ID 20004
001.939 Send ACK  1
001.983 Recv ACK  2
002.151 Send DATA 7 1, ID 10007
002.211 Recv DATA 5 2, ID 20005
002.211 Send ACK  1
002.255 Recv ACK  3
002.410 Send DATA 0 1, ID 10008
002.456 **** Receiver Error, Bad CRC Checksum
002.512 Recv ACK  4
002.567 Recv ACK  5
002.693 Send DATA 1 1, ID 10009
002.738 Recv DATA 7 5, ID 20007
002.738 Send ACK  1
002.947 Send DATA 2 1, ID 10010
003.006 Recv DATA 0 5, ID 20008
003.006 Send ACK  1
003.065 Recv ACK  6
003.238 Send DATA 3 1, ID 10011
003.308 Recv ACK  7
003.483 Send DATA 4 1, ID 10012
003.679 Recv ACK  0
003.749 Send DATA 5 1, ID 10013
003.921 Recv DATA 2 0, ID 20002
003.921 .... 3 packets received, 1826 bps, 22.82%, Err 4 (1.7e-004)
003.921 Send ACK  2
004.038 Send DATA 6 2, ID 10014
004.194 Recv DATA 3 0, ID 20003
004.194 Send ACK  3
004.290 Send DATA 7 3, ID 10015
004.455 Recv DATA 4 0, ID 20004
004.455 Send ACK  4
004.682 Recv DATA 5 0, ID 20005
004.682 Send ACK  5
004.956 Recv DATA 6 0, ID 20006
004.956 Send ACK  6
005.233 Recv DATA 7 0, ID 20007
005.233 Send ACK  7
005.233 ---- DATA 1 timeout
005.233 Send DATA 1 7, ID 10009
005.233 Send DATA 2 7, ID 10010
005.233 Send DATA 3 7, ID 10011
005.233 Send DATA 4 7, ID 10012
005.233 Send DATA 5 7, ID 10013
005.233 Send DATA 6 7, ID 10014
005.233 Send DATA 7 7, ID 10015
005.517 Recv DATA 0 0, ID 20008
005.517 Send ACK  0
005.544 Recv ACK  0
005.559 Recv ACK  0
005.619 Recv ACK  0
005.679 Recv ACK  0
005.779 **** Receiver Error, Bad CRC Checksum
006.081 Recv DATA 2 0, ID 20010
006.081 Send ACK  0
006.153 Recv ACK  1
006.331 **** Receiver Error, Bad CRC Checksum
006.377 Recv ACK  2
006.588 **** Receiver Error, Bad CRC Checksum
006.833 Recv DATA 5 2, ID 20013
006.833 Send ACK  0
006.878 Recv ACK  3
007.060 Send DATA 0 0, ID 10016
007.106 Recv DATA 6 3, ID 20014
007.106 Send ACK  0
007.150 Recv ACK  3
007.335 Send DATA 1 0, ID 10017
007.410 Recv ACK  3
007.611 Send DATA 2 0, ID 10018
007.696 Recv ACK  3
007.936 **** Receiver Error, Bad CRC Checksum
007.979 Recv ACK  3
008.333 Recv DATA 1 3, ID 20009
008.333 .... 10 packets received, 2633 bps, 32.92%, Err 9 (1.7e-004)
008.333 Send ACK  1
008.611 Recv DATA 2 3, ID 20010
008.611 Send ACK  2
008.878 **** Receiver Error, Bad CRC Checksum
009.128 Recv DATA 4 3, ID 20012
009.128 Send ACK  2
009.308 ---- DATA 4 timeout
009.308 Send DATA 4 2, ID 10012
009.309 Send DATA 5 2, ID 10013
009.309 Send DATA 6 2, ID 10014
009.309 Send DATA 7 2, ID 10015
009.309 Send DATA 0 2, ID 10016
009.309 Send DATA 1 2, ID 10017
009.309 Send DATA 2 2, ID 10018
009.366 Recv DATA 5 3, ID 20013
009.366 Send ACK  2
009.639 **** Receiver Error, Bad CRC Checksum
009.889 Recv DATA 7 3, ID 20015
009.889 Send ACK  2
009.929 Recv ACK  3
009.989 Recv ACK  3
010.063 TCP Disconnected.
